open Tea
open! Porting
let x (v : int) = (toString v : string)
